# serializer version: 1
# name: test_gen_full_example_snapshot
  dict({
    'def/commands.yaml': '''
      id: https://example.org/commands
      name: commands
      prefixes:
        linkml: https://w3id.org/linkml/
      default_range: string
      imports:
        - linkml:types
      classes:
        ingest_recipe_text:
          description: Initiates ingestion of a recipe from a raw text source
          attributes: {}
  
    ''',
    'def/events.yaml': '''
      id: https://example.org/events
      name: events
      prefixes:
        linkml: https://w3id.org/linkml/
      default_range: string
      imports:
        - linkml:types
      classes:
        recipe_ingested:
          description: A recipe was successfully extracted and validated
          attributes: {}
  
    ''',
    'def/models/recipes.yaml': '''
      id: https://example.org/models/recipes
      name: recipes
      description: Full recipe database — recipes, steps, and ingredients
      prefixes:
        linkml: https://w3id.org/linkml/
      default_range: string
      imports:
        - linkml:types
      classes: {}
  
    ''',
    'def/queries/get_recipe.yaml': '''
      id: https://example.org/queries/get_recipe
      name: get_recipe
      description: Retrieves a structured recipe by ID
      prefixes:
        linkml: https://w3id.org/linkml/
      default_range: string
      imports:
        - linkml:types
      classes:
        GetRecipeInput:
          description: Input for get_recipe
          attributes: {}
        GetRecipeOutput:
          description: Output for get_recipe
          attributes: {}
  
    ''',
    'def/queries/get_recipe_text.yaml': '''
      id: https://example.org/queries/get_recipe_text
      name: get_recipe_text
      description: Retrieves raw recipe text given a source reference
      prefixes:
        linkml: https://w3id.org/linkml/
      default_range: string
      imports:
        - linkml:types
      classes:
        GetRecipeTextInput:
          description: Input for get_recipe_text
          attributes: {}
        GetRecipeTextOutput:
          description: Output for get_recipe_text
          attributes: {}
  
    ''',
    'gen_schema/commands.schema.json': '''
      {
          "$defs": {
              "IngestRecipeText": {
                  "additionalProperties": false,
                  "description": "Initiates ingestion of a recipe from a raw text source",
                  "title": "IngestRecipeText",
                  "type": "object"
              }
          },
          "$id": "https://example.org/commands",
          "$schema": "https://json-schema.org/draft/2019-09/schema",
          "additionalProperties": true,
          "metamodel_version": "1.11.0",
          "title": "commands",
          "type": "object",
          "version": null
      }
      
  
    ''',
    'gen_schema/queries/get_recipe.schema.json': '''
      {
          "$defs": {
              "GetRecipeInput": {
                  "additionalProperties": false,
                  "description": "Input for get_recipe",
                  "title": "GetRecipeInput",
                  "type": "object"
              },
              "GetRecipeOutput": {
                  "additionalProperties": false,
                  "description": "Output for get_recipe",
                  "title": "GetRecipeOutput",
                  "type": "object"
              }
          },
          "$id": "https://example.org/queries/get_recipe",
          "$schema": "https://json-schema.org/draft/2019-09/schema",
          "additionalProperties": true,
          "metamodel_version": "1.11.0",
          "title": "get_recipe",
          "type": "object",
          "version": null
      }
      
  
    ''',
    'gen_schema/queries/get_recipe_text.schema.json': '''
      {
          "$defs": {
              "GetRecipeTextInput": {
                  "additionalProperties": false,
                  "description": "Input for get_recipe_text",
                  "title": "GetRecipeTextInput",
                  "type": "object"
              },
              "GetRecipeTextOutput": {
                  "additionalProperties": false,
                  "description": "Output for get_recipe_text",
                  "title": "GetRecipeTextOutput",
                  "type": "object"
              }
          },
          "$id": "https://example.org/queries/get_recipe_text",
          "$schema": "https://json-schema.org/draft/2019-09/schema",
          "additionalProperties": true,
          "metamodel_version": "1.11.0",
          "title": "get_recipe_text",
          "type": "object",
          "version": null
      }
      
  
    ''',
    'lib/python-uv/gen_def/gen_def/__init__.py': '',
    'lib/python-uv/gen_def/gen_def/pydantic/__init__.py': '',
    'lib/python-uv/gen_def/gen_def/pydantic/commands.py': '''
      from __future__ import annotations
      
      import re
      import sys
      from datetime import (
          date,
          datetime,
          time
      )
      from decimal import Decimal
      from enum import Enum
      from typing import (
          Any,
          ClassVar,
          Literal,
          Optional,
          Union
      )
      
      from pydantic import (
          BaseModel,
          ConfigDict,
          Field,
          RootModel,
          SerializationInfo,
          SerializerFunctionWrapHandler,
          field_validator,
          model_serializer
      )
      
      
      metamodel_version = "1.11.0"
      version = "None"
      
      
      class ConfiguredBaseModel(BaseModel):
          model_config = ConfigDict(
              serialize_by_alias = True,
              validate_by_name = True,
              validate_assignment = True,
              validate_default = True,
              extra = "forbid",
              arbitrary_types_allowed = True,
              use_enum_values = True,
              strict = False,
          )
      
      
      
      
      
      class LinkMLMeta(RootModel):
          root: dict[str, Any] = {}
          model_config = ConfigDict(frozen=True)
      
          def __getattr__(self, key:str):
              return getattr(self.root, key)
      
          def __getitem__(self, key:str):
              return self.root[key]
      
          def __setitem__(self, key:str, value):
              self.root[key] = value
      
          def __contains__(self, key:str) -> bool:
              return key in self.root
      
      
      linkml_meta = LinkMLMeta({'default_prefix': 'https://example.org/commands/',
           'default_range': 'string',
           'id': 'https://example.org/commands',
           'imports': ['linkml:types'],
           'name': 'commands',
           'prefixes': {'linkml': {'prefix_prefix': 'linkml',
                                   'prefix_reference': 'https://w3id.org/linkml/'}},
           'source_file': '<output_dir>/def/commands.yaml'} )
      
      
      class IngestRecipeText(ConfiguredBaseModel):
          """
          Initiates ingestion of a recipe from a raw text source
          """
          linkml_meta: ClassVar[LinkMLMeta] = LinkMLMeta({'from_schema': 'https://example.org/commands'})
      
          pass
      
      
      # Model rebuild
      # see https://pydantic-docs.helpmanual.io/usage/models/#rebuilding-a-model
      IngestRecipeText.model_rebuild()
  
    ''',
    'lib/python-uv/gen_def/gen_def/pydantic/events.py': '''
      from __future__ import annotations
      
      import re
      import sys
      from datetime import (
          date,
          datetime,
          time
      )
      from decimal import Decimal
      from enum import Enum
      from typing import (
          Any,
          ClassVar,
          Literal,
          Optional,
          Union
      )
      
      from pydantic import (
          BaseModel,
          ConfigDict,
          Field,
          RootModel,
          SerializationInfo,
          SerializerFunctionWrapHandler,
          field_validator,
          model_serializer
      )
      
      
      metamodel_version = "1.11.0"
      version = "None"
      
      
      class ConfiguredBaseModel(BaseModel):
          model_config = ConfigDict(
              serialize_by_alias = True,
              validate_by_name = True,
              validate_assignment = True,
              validate_default = True,
              extra = "forbid",
              arbitrary_types_allowed = True,
              use_enum_values = True,
              strict = False,
          )
      
      
      
      
      
      class LinkMLMeta(RootModel):
          root: dict[str, Any] = {}
          model_config = ConfigDict(frozen=True)
      
          def __getattr__(self, key:str):
              return getattr(self.root, key)
      
          def __getitem__(self, key:str):
              return self.root[key]
      
          def __setitem__(self, key:str, value):
              self.root[key] = value
      
          def __contains__(self, key:str) -> bool:
              return key in self.root
      
      
      linkml_meta = LinkMLMeta({'default_prefix': 'https://example.org/events/',
           'default_range': 'string',
           'id': 'https://example.org/events',
           'imports': ['linkml:types'],
           'name': 'events',
           'prefixes': {'linkml': {'prefix_prefix': 'linkml',
                                   'prefix_reference': 'https://w3id.org/linkml/'}},
           'source_file': '<output_dir>/def/events.yaml'} )
      
      
      class RecipeIngested(ConfiguredBaseModel):
          """
          A recipe was successfully extracted and validated
          """
          linkml_meta: ClassVar[LinkMLMeta] = LinkMLMeta({'from_schema': 'https://example.org/events'})
      
          pass
      
      
      # Model rebuild
      # see https://pydantic-docs.helpmanual.io/usage/models/#rebuilding-a-model
      RecipeIngested.model_rebuild()
  
    ''',
    'lib/python-uv/gen_def/gen_def/pydantic/models/__init__.py': '',
    'lib/python-uv/gen_def/gen_def/pydantic/models/recipes.py': '''
      from __future__ import annotations
      
      import re
      import sys
      from datetime import (
          date,
          datetime,
          time
      )
      from decimal import Decimal
      from enum import Enum
      from typing import (
          Any,
          ClassVar,
          Literal,
          Optional,
          Union
      )
      
      from pydantic import (
          BaseModel,
          ConfigDict,
          Field,
          RootModel,
          SerializationInfo,
          SerializerFunctionWrapHandler,
          field_validator,
          model_serializer
      )
      
      
      metamodel_version = "1.11.0"
      version = "None"
      
      
      class ConfiguredBaseModel(BaseModel):
          model_config = ConfigDict(
              serialize_by_alias = True,
              validate_by_name = True,
              validate_assignment = True,
              validate_default = True,
              extra = "forbid",
              arbitrary_types_allowed = True,
              use_enum_values = True,
              strict = False,
          )
      
      
      
      
      
      class LinkMLMeta(RootModel):
          root: dict[str, Any] = {}
          model_config = ConfigDict(frozen=True)
      
          def __getattr__(self, key:str):
              return getattr(self.root, key)
      
          def __getitem__(self, key:str):
              return self.root[key]
      
          def __setitem__(self, key:str, value):
              self.root[key] = value
      
          def __contains__(self, key:str) -> bool:
              return key in self.root
      
      
      linkml_meta = LinkMLMeta({'default_prefix': 'https://example.org/models/recipes/',
           'default_range': 'string',
           'description': 'Full recipe database — recipes, steps, and ingredients',
           'id': 'https://example.org/models/recipes',
           'imports': ['linkml:types'],
           'name': 'recipes',
           'prefixes': {'linkml': {'prefix_prefix': 'linkml',
                                   'prefix_reference': 'https://w3id.org/linkml/'}},
           'source_file': '<output_dir>/def/models/recipes.yaml'} )
      
      
      # Model rebuild
      # see https://pydantic-docs.helpmanual.io/usage/models/#rebuilding-a-model
  
    ''',
    'lib/python-uv/gen_def/gen_def/pydantic/query/__init__.py': '',
    'lib/python-uv/gen_def/gen_def/pydantic/query/get_recipe.py': '''
      from __future__ import annotations
      
      import re
      import sys
      from datetime import (
          date,
          datetime,
          time
      )
      from decimal import Decimal
      from enum import Enum
      from typing import (
          Any,
          ClassVar,
          Literal,
          Optional,
          Union
      )
      
      from pydantic import (
          BaseModel,
          ConfigDict,
          Field,
          RootModel,
          SerializationInfo,
          SerializerFunctionWrapHandler,
          field_validator,
          model_serializer
      )
      
      
      metamodel_version = "1.11.0"
      version = "None"
      
      
      class ConfiguredBaseModel(BaseModel):
          model_config = ConfigDict(
              serialize_by_alias = True,
              validate_by_name = True,
              validate_assignment = True,
              validate_default = True,
              extra = "forbid",
              arbitrary_types_allowed = True,
              use_enum_values = True,
              strict = False,
          )
      
      
      
      
      
      class LinkMLMeta(RootModel):
          root: dict[str, Any] = {}
          model_config = ConfigDict(frozen=True)
      
          def __getattr__(self, key:str):
              return getattr(self.root, key)
      
          def __getitem__(self, key:str):
              return self.root[key]
      
          def __setitem__(self, key:str, value):
              self.root[key] = value
      
          def __contains__(self, key:str) -> bool:
              return key in self.root
      
      
      linkml_meta = LinkMLMeta({'default_prefix': 'https://example.org/queries/get_recipe/',
           'default_range': 'string',
           'description': 'Retrieves a structured recipe by ID',
           'id': 'https://example.org/queries/get_recipe',
           'imports': ['linkml:types'],
           'name': 'get_recipe',
           'prefixes': {'linkml': {'prefix_prefix': 'linkml',
                                   'prefix_reference': 'https://w3id.org/linkml/'}},
           'source_file': '<output_dir>/def/queries/get_recipe.yaml'} )
      
      
      class GetRecipeInput(ConfiguredBaseModel):
          """
          Input for get_recipe
          """
          linkml_meta: ClassVar[LinkMLMeta] = LinkMLMeta({'from_schema': 'https://example.org/queries/get_recipe'})
      
          pass
      
      
      class GetRecipeOutput(ConfiguredBaseModel):
          """
          Output for get_recipe
          """
          linkml_meta: ClassVar[LinkMLMeta] = LinkMLMeta({'from_schema': 'https://example.org/queries/get_recipe'})
      
          pass
      
      
      # Model rebuild
      # see https://pydantic-docs.helpmanual.io/usage/models/#rebuilding-a-model
      GetRecipeInput.model_rebuild()
      GetRecipeOutput.model_rebuild()
  
    ''',
    'lib/python-uv/gen_def/gen_def/pydantic/query/get_recipe_text.py': '''
      from __future__ import annotations
      
      import re
      import sys
      from datetime import (
          date,
          datetime,
          time
      )
      from decimal import Decimal
      from enum import Enum
      from typing import (
          Any,
          ClassVar,
          Literal,
          Optional,
          Union
      )
      
      from pydantic import (
          BaseModel,
          ConfigDict,
          Field,
          RootModel,
          SerializationInfo,
          SerializerFunctionWrapHandler,
          field_validator,
          model_serializer
      )
      
      
      metamodel_version = "1.11.0"
      version = "None"
      
      
      class ConfiguredBaseModel(BaseModel):
          model_config = ConfigDict(
              serialize_by_alias = True,
              validate_by_name = True,
              validate_assignment = True,
              validate_default = True,
              extra = "forbid",
              arbitrary_types_allowed = True,
              use_enum_values = True,
              strict = False,
          )
      
      
      
      
      
      class LinkMLMeta(RootModel):
          root: dict[str, Any] = {}
          model_config = ConfigDict(frozen=True)
      
          def __getattr__(self, key:str):
              return getattr(self.root, key)
      
          def __getitem__(self, key:str):
              return self.root[key]
      
          def __setitem__(self, key:str, value):
              self.root[key] = value
      
          def __contains__(self, key:str) -> bool:
              return key in self.root
      
      
      linkml_meta = LinkMLMeta({'default_prefix': 'https://example.org/queries/get_recipe_text/',
           'default_range': 'string',
           'description': 'Retrieves raw recipe text given a source reference',
           'id': 'https://example.org/queries/get_recipe_text',
           'imports': ['linkml:types'],
           'name': 'get_recipe_text',
           'prefixes': {'linkml': {'prefix_prefix': 'linkml',
                                   'prefix_reference': 'https://w3id.org/linkml/'}},
           'source_file': '<output_dir>/def/queries/get_recipe_text.yaml'} )
      
      
      class GetRecipeTextInput(ConfiguredBaseModel):
          """
          Input for get_recipe_text
          """
          linkml_meta: ClassVar[LinkMLMeta] = LinkMLMeta({'from_schema': 'https://example.org/queries/get_recipe_text'})
      
          pass
      
      
      class GetRecipeTextOutput(ConfiguredBaseModel):
          """
          Output for get_recipe_text
          """
          linkml_meta: ClassVar[LinkMLMeta] = LinkMLMeta({'from_schema': 'https://example.org/queries/get_recipe_text'})
      
          pass
      
      
      # Model rebuild
      # see https://pydantic-docs.helpmanual.io/usage/models/#rebuilding-a-model
      GetRecipeTextInput.model_rebuild()
      GetRecipeTextOutput.model_rebuild()
  
    ''',
    'lib/python-uv/gen_def/gen_def/sqla/__init__.py': '',
    'lib/python-uv/gen_def/gen_def/sqla/models/__init__.py': '',
    'lib/python-uv/gen_def/gen_def/sqla/models/recipes.py': '''
      
      from sqlalchemy import Column, Index, Table, ForeignKey
      from sqlalchemy.orm import relationship
      from sqlalchemy.sql.sqltypes import *
      from sqlalchemy.orm import declarative_base
      from sqlalchemy.ext.associationproxy import association_proxy
      
      Base = declarative_base()
      metadata = Base.metadata
      
      
  
    ''',
    'lib/python-uv/gen_def/pyproject.toml': '''
      [project]
      name = "gen_def"
      version = "0.1.0"
      requires-python = ">=3.11"
      dependencies = [
          "pydantic>=2",
          "sqlalchemy>=2",
      ]
      
      [build-system]
      requires = ["hatchling"]
      build-backend = "hatchling.build"
  
    ''',
    'lib/python-uv/gen_int/gen_int/__init__.py': '',
    'lib/python-uv/gen_int/gen_int/python/__init__.py': '',
    'lib/python-uv/gen_int/gen_int/python/adapters/__init__.py': '',
    'lib/python-uv/gen_int/gen_int/python/adapters/relative_filesystem.py': '''
      # AUTO-GENERATED — do not edit
      from dataclasses import dataclass
      from pathlib import Path
      
      
      @dataclass
      class RelativeFilesystemAdapter:
          """Adapter providing a root path for relative filesystem access."""
      
          root: Path
  
    ''',
    'lib/python-uv/gen_int/gen_int/python/adapters/sqla.py': '''
      # AUTO-GENERATED — do not edit
      from dataclasses import dataclass
      from sqlalchemy.orm import Session
      
      
      @dataclass
      class SqlaAdapter:
          """Adapter providing a SQLAlchemy session."""
      
          session: Session
  
    ''',
    'lib/python-uv/gen_int/gen_int/python/policy/__init__.py': '',
    'lib/python-uv/gen_int/gen_int/python/policy/index_recipe_on_ingest_context.py': '''
      # AUTO-GENERATED — do not edit
      from dataclasses import dataclass
      from typing import Callable
      
      from gen_def.pydantic.query.get_recipe import GetRecipeInput, GetRecipeOutput
      
      
      @dataclass
      class index_recipe_on_ingest_emitters:
          pass
      
      
      @dataclass
      class index_recipe_on_ingest_queries:
          get_recipe: Callable[[GetRecipeInput], GetRecipeOutput]
      
      
      @dataclass
      class index_recipe_on_ingest_context:
          emit: index_recipe_on_ingest_emitters
          query: index_recipe_on_ingest_queries
  
    ''',
    'lib/python-uv/gen_int/gen_int/python/policy/index_recipe_on_ingest_protocol.py': '''
      # AUTO-GENERATED — do not edit
      from typing import Protocol
      
      from gen_def.pydantic.events import RecipeIngested
      from gen_int.python.policy.index_recipe_on_ingest_context import (
          index_recipe_on_ingest_context,
      )
      
      
      class index_recipe_on_ingest_protocol(Protocol):
          """Adds recipe to the library projection when ingested"""
      
          def __call__(
              self,
              event: RecipeIngested,
              context: index_recipe_on_ingest_context,
          ) -> None:
              ...
  
    ''',
    'lib/python-uv/gen_int/gen_int/python/procedure/__init__.py': '',
    'lib/python-uv/gen_int/gen_int/python/procedure/extract_and_transform_recipe_context.py': '''
      # AUTO-GENERATED — do not edit
      from dataclasses import dataclass
      from typing import Callable
      
      from gen_def.pydantic.events import RecipeIngested
      from gen_def.pydantic.query.get_recipe_text import GetRecipeTextInput, GetRecipeTextOutput
      
      
      @dataclass
      class extract_and_transform_recipe_emitters:
          recipe_ingested: Callable[[RecipeIngested], None]
      
      
      @dataclass
      class extract_and_transform_recipe_queries:
          get_recipe_text: Callable[[GetRecipeTextInput], GetRecipeTextOutput]
      
      
      @dataclass
      class extract_and_transform_recipe_context:
          emit: extract_and_transform_recipe_emitters
          query: extract_and_transform_recipe_queries
  
    ''',
    'lib/python-uv/gen_int/gen_int/python/procedure/extract_and_transform_recipe_protocol.py': '''
      # AUTO-GENERATED — do not edit
      from typing import Protocol
      
      from gen_def.pydantic.commands import IngestRecipeText
      from gen_int.python.procedure.extract_and_transform_recipe_context import (
          extract_and_transform_recipe_context,
      )
      
      
      class extract_and_transform_recipe_protocol(Protocol):
          """Queries raw recipe text via source_ref, then uses an LLM to extract a structured recipe (title, ingredients, steps, time, cost), validated against the recipe model."""
      
          def __call__(
              self,
              context: extract_and_transform_recipe_context,
              command: IngestRecipeText,
          ) -> None:
              ...
  
    ''',
    'lib/python-uv/gen_int/gen_int/python/projection/__init__.py': '',
    'lib/python-uv/gen_int/gen_int/python/projection/recipe_library_projection.py': '''
      # AUTO-GENERATED — do not edit
      from dataclasses import dataclass
      from typing import Protocol
      
      from gen_def.pydantic.events import RecipeIngested
      from gen_int.python.adapters.sqla import SqlaAdapter
      
      
      @dataclass
      class recipe_library_context:
          adapter: SqlaAdapter
      
      
      class recipe_library_projection(Protocol):
          """Adds ingested recipe to the recipe library"""
      
          def __call__(self, event: RecipeIngested, context: recipe_library_context) -> None:
              """Apply the projection — mutate model state in response to the event."""
              ...
  
    ''',
    'lib/python-uv/gen_int/gen_int/python/query/__init__.py': '',
    'lib/python-uv/gen_int/gen_int/python/query/get_recipe.py': '''
      # AUTO-GENERATED — do not edit
      from dataclasses import dataclass
      from typing import Protocol
      
      from gen_def.pydantic.query.get_recipe import GetRecipeInput, GetRecipeOutput
      from gen_int.python.adapters.sqla import SqlaAdapter
      
      
      @dataclass
      class get_recipe_context:
          adapter: SqlaAdapter
      
      
      class get_recipe_query(Protocol):
          """Retrieves a structured recipe by ID"""
      
          def __call__(
              self, input: GetRecipeInput, context: get_recipe_context
          ) -> GetRecipeOutput:
              ...
  
    ''',
    'lib/python-uv/gen_int/gen_int/python/query/get_recipe_text.py': '''
      # AUTO-GENERATED — do not edit
      from dataclasses import dataclass
      from typing import Protocol
      
      from gen_def.pydantic.query.get_recipe_text import GetRecipeTextInput, GetRecipeTextOutput
      from gen_int.python.adapters.relative_filesystem import RelativeFilesystemAdapter
      
      
      @dataclass
      class get_recipe_text_context:
          adapter: RelativeFilesystemAdapter
      
      
      class get_recipe_text_query(Protocol):
          """Retrieves raw recipe text given a source reference"""
      
          def __call__(
              self, input: GetRecipeTextInput, context: get_recipe_text_context
          ) -> GetRecipeTextOutput:
              ...
  
    ''',
    'lib/python-uv/gen_int/pyproject.toml': '''
      [project]
      name = "gen_int"
      version = "0.1.0"
      requires-python = ">=3.11"
      dependencies = [
          "gen_def",
      ]
      
      [tool.uv.sources]
      gen_def = { workspace = true }
      
      [build-system]
      requires = ["hatchling"]
      build-backend = "hatchling.build"
  
    ''',
    'libconfig.yaml': '''
      # Dizzy library configuration — assign runtimes to each element
      # Supported runtimes: python-uv | rust-cargo | typescript-npm
      
      procedures:
        extract_and_transform_recipe:
          runtimes: [python-uv]
      
      policies:
        index_recipe_on_ingest:
          runtimes: [python-uv]
      
      queries:
        get_recipe_text:
          runtimes: [python-uv]
        get_recipe:
          runtimes: [python-uv]
      
      projections:
        recipe_library:
          runtimes: [python-uv]
      
      # Runtime-neutral JSON Schema contracts, emitted by `dizzy generate static`
      # into <output_dir>/gen_schema/. Contract kinds: commands | events | queries |
      # models. Delete the section to stop emitting them.
      json_schema:
        contracts: [commands, queries]
  
    ''',
  })
# ---
